Microsoft (R) Macro Assembler Version 5.10                  10/3/23 18:44:58
                                                             Page     1-1


       1				
       2 0000				Code    Segment
       3				        assume CS:Code, DS:Data, SS:Sta
					ck
       4 0000				Start:
       5 0000  B8 ---- R		        mov ax, Code
       6 0003  8E D8			        mov DS, AX
       7				
       8 0005  B8 0003			        mov ax,03
       9 0008  CD 10			        int 10h
      10 000A				KiirMenu:
      11				
      12 000A  B4 02					mov ah, 02h
      13 000C  B7 00					mov bh,0
      14 000E  B6 0A					mov dh,10
      15						
      16 0010  CD 10					int 10h
      17						
      18 0012  B2 0A					mov dl,10
      19 0014  B4 02					mov ah,02h
      20 0016  CD 21					int 21h
      21 0018  B2 0D					mov dl,13
      22 001A  B4 02					mov ah,02h
      23 001C  CD 21					int 21h
      24						
      25 001E  BA 020B R				mov dx,offset ertek
      26 0021  B4 09			                mov ah,09h
      27 0023  CD 21			                int 21h
      28						
      29 0025  B2 0A					mov dl,10
      30 0027  B4 02					mov ah,02h
      31 0029  CD 21					int 21h
      32 002B  B2 0D					mov dl,13
      33 002D  B4 02					mov ah,02h
      34 002F  CD 21					int 21h
      35						
      36 0031  BA 0210 R				mov dx,offset ertek2
      37 0034  B4 09			                mov ah,09h
      38 0036  CD 21			                int 21h
      39								
      40 0038  B2 0A					mov dl,10
      41 003A  B4 02					mov ah,02h
      42 003C  CD 21					int 21h
      43 003E  B2 0D					mov dl,13
      44 0040  B4 02					mov ah,02h
      45 0042  CD 21					int 21h
      46						
      47 0044  BA 01E7 R				mov dx,offset menu1
      48 0047  B4 09			                mov ah,09h
      49 0049  CD 21			                int 21h
      50						
      51 004B  B2 0A					mov dl,10
      52 004D  B4 02					mov ah,02h
      53 004F  CD 21					int 21h
Microsoft (R) Macro Assembler Version 5.10                  10/3/23 18:44:58
                                                             Page     1-2


      54 0051  B2 0D					mov dl,13
      55 0053  B4 02					mov ah,02h
      56 0055  CD 21					int 21h
      57						
      58 0057  BA 01F4 R				mov dx,offset menu2
      59 005A  B4 09			                mov ah,09h
      60 005C  CD 21			                int 21h
      61						
      62 005E  B2 0A					mov dl,10
      63 0060  B4 02					mov ah,02h
      64 0062  CD 21					int 21h
      65 0064  B2 0D					mov dl,13
      66 0066  B4 02					mov ah,02h
      67 0068  CD 21					int 21h
      68						
      69						
      70 006A  BA 0204 R				mov dx,offset menu3
      71 006D  B4 09			                mov ah,09h
      72 006F  CD 21			                int 21h
      73						
      74 0071  EB 03 90					jmp MenuValaszt
      75 0074				JumpMeu:
      76 0074  EB 94					jmp KiirMenu
      77 0076				MenuValaszt:
      78				
      79 0076  B4 00					mov ah,00
      80 0078  CD 16					int 16h
      81				
      82 007A  3C 1B					cmp al,27
      83 007C  74 73					jz JumpHelper
      84						
      85 007E  3C 31					cmp al, '1'
      86 0080  74 1C					jz ElsoErtek
      87						
      88 0082  3C 32					cmp al, '2'
      89 0084  74 68					jz JumpHelper3
      90				
      91 0086  EB 01 90			                jmp HibaJump
      92				
      93 0089				HibaJump:
      94 0089  B2 0A			                mov dl,10
      95 008B  B4 02					mov ah,02h
      96 008D  CD 21					int 21h
      97 008F  B2 0D					mov dl,13
      98 0091  B4 02					mov ah,02h
      99 0093  CD 21					int 21h
     100				
     101 0095  BA 0215 R		                mov dx, offset hiba
     102 0098  B4 09			                mov ah, 09h
     103 009A  CD 21			                int 21h
     104				
     105 009C  EB D8			                jmp MenuValaszt
     106						
     107 009E				ElsoErtek:
Microsoft (R) Macro Assembler Version 5.10                  10/3/23 18:44:58
                                                             Page     1-3


     108 009E  BF 020B R				mov di, offset ertek
     109 00A1				BevitelElso:
     110				
     111 00A1  B4 00					mov ah,00
     112 00A3  B0 02					mov al,02
     113 00A5  CD 10					int 10h
     114						
     115 00A7  BA 01B3 R				mov dx,offset elsoszam
     116 00AA  B4 09			                mov ah,09h
     117 00AC  CD 21			                int 21h
     118						
     119 00AE  B2 0A					mov dl,10
     120 00B0  B4 02					mov ah,02h
     121 00B2  CD 21					int 21h
     122 00B4  B2 0D					mov dl,13
     123 00B6  B4 02					mov ah,02h
     124 00B8  CD 21					int 21h
     125						
     126 00BA  33 C0			                xor ax,ax
     127 00BC  CD 16			                int 16h
     128				
     129 00BE  8B D8			                mov bx,ax
     130 00C0  B8 0003			                mov ax,03
     131 00C3  CD 10			                int 10h
     132 00C5  8B C3			                mov ax,bx
     133				
     134 00C7  3C 1B			                cmp al,27
     135 00C9  74 A9			                jz JumpMeu
     136				
     137 00CB  B9 000A			                mov cx,10
     138 00CE  B4 30			                mov ah,"0"
     139						
     140 00D0  EB 01 90					jmp Vizsgelso
     141				
     142 00D3				Vizsgelso:
     143 00D3  3A C4			                cmp al,ah
     144 00D5  74 20			                jz Tarolelso
     145 00D7  FE C4			                inc ah
     146 00D9  E2 F8			                loop Vizsgelso
     147				
     148 00DB  B4 02			                mov ah,02h
     149 00DD  B7 00			                mov bh,0
     150 00DF  B6 0A			                mov dh,10
     151 00E1  B2 00			                mov dl,0
     152 00E3  CD 10			                int 10h
     153				
     154 00E5  BA 0215 R		                mov dx,offset hiba
     155 00E8  B4 09			                mov ah,9
     156 00EA  CD 21			                int 21h
     157				
     158 00EC  EB B3			                jmp Bevitelelso
     159 00EE				JumpHelper3:
     160 00EE  EB 3C 90					jmp MasodikErtek
     161 00F1				JumpHelper:
Microsoft (R) Macro Assembler Version 5.10                  10/3/23 18:44:58
                                                             Page     1-4


     162 00F1  E9 01AE R				jmp Program_Vege
     163 00F4				JumpHelper2:
     164 00F4  E9 000A R				jmp KiirMenu
     165 00F7				Tarolelso:
     166 00F7  88 05			                mov [di],al
     167 00F9  47			                inc di
     168 00FA  B0 24			                mov al,"$"
     169 00FC  88 05			                mov [di],al
     170				
     171 00FE  B4 02			                mov ah,02h
     172 0100  B7 00			                mov bh,0
     173 0102  B6 05			                mov dh,5
     174 0104  B2 1C			                mov dl,28
     175 0106  CD 10			                int 10h
     176				
     177 0108  BA 020B R		                mov dx, offset ertek
     178 010B  B4 09			                mov ah,9
     179 010D  CD 21			                int 21h
     180				
     181 010F  B8 020B R		                mov ax, offset ertek
     182 0112  05 0004			                add ax,4
     183 0115  3B C7			                cmp ax,di
     184 0117  75 88			                jnz Bevitelelso
     185				
     186 0119  B4 02			                mov ah,02h
     187 011B  B7 00			                mov bh,0
     188 011D  B6 07			                mov dh,7
     189 011F  B2 00			                mov dl,0
     190 0121  CD 10			                int 10h
     191				                        
     192 0123  B4 00			                mov ah,00
     193 0125  B0 02			                mov al,02
     194 0127  CD 10			                int 10h
     195				                        
     196 0129  E9 000A R		                jmp KiirMenu
     197 012C				MasodikErtek:
     198 012C  BE 0210 R			    mov si, offset ertek2
     199 012F				BevitelMasodik:
     200				
     201 012F  B4 00			                mov ah,00
     202 0131  B0 02			                mov al,02
     203 0133  CD 10			                int 10h
     204				                        
     205 0135  BA 01CC R		                mov dx,offset masodiksz
					am
     206 0138  B4 09			                mov ah,09h
     207 013A  CD 21			                int 21h
     208				                        
     209 013C  B2 0A			                mov dl,10
     210 013E  B4 02			                mov ah,02h
     211 0140  CD 21			                int 21h
     212 0142  B2 0D			                mov dl,13
     213 0144  B4 02			                mov ah,02h
     214 0146  CD 21			                int 21h
Microsoft (R) Macro Assembler Version 5.10                  10/3/23 18:44:58
                                                             Page     1-5


     215				                        
     216 0148  33 C0			                xor ax,ax
     217 014A  CD 16			                int 16h
     218				
     219 014C  8B D8			                mov bx,ax
     220 014E  B8 0003			                mov ax,03
     221 0151  CD 10			                int 10h
     222 0153  8B C3			                mov ax,bx
     223				
     224 0155  3C 1B			                cmp al,27
     225 0157  74 9B			                jz JumpHelper2
     226				
     227 0159  B9 000A			                mov cx,10
     228 015C  B4 30			                mov ah,"0"
     229 015E				Vizsgmasodik:
     230 015E  3A C4			                cmp al,ah
     231 0160  74 17			                jz Tarolmasodik
     232 0162  FE C4			                inc ah
     233 0164  E2 F8			                loop Vizsgmasodik
     234				
     235 0166  B4 02			                mov ah,02h
     236 0168  B7 00			                mov bh,0
     237 016A  B6 0A			                mov dh,10
     238 016C  B2 00			                mov dl,0
     239 016E  CD 10			                int 10h
     240				
     241 0170  BA 0215 R		                mov dx,offset hiba
     242 0173  B4 09			                mov ah,9
     243 0175  CD 21			                int 21h
     244				
     245 0177  EB B6			                jmp Bevitelmasodik
     246				
     247 0179				Tarolmasodik:
     248 0179  88 04			                mov [si],al
     249 017B  46			                inc si
     250 017C  B0 24			                mov al,"$"
     251 017E  88 04			                mov [si],al
     252				
     253 0180  B4 02			                mov ah,02h
     254 0182  B7 00			                mov bh,0
     255 0184  B6 05			                mov dh,5
     256 0186  B2 1C			                mov dl,28
     257 0188  CD 10			                int 10h
     258				
     259 018A  BA 0210 R		                mov dx, offset ertek2
     260 018D  B4 09			                mov ah,9
     261 018F  CD 21			                int 21h
     262				
     263 0191  B8 0210 R		                mov ax, offset ertek2
     264 0194  05 0004			                add ax,4
     265 0197  3B C6			                cmp ax,si
     266 0199  75 94			                jnz Bevitelmasodik
     267				
     268 019B  B4 02			                mov ah,02h
Microsoft (R) Macro Assembler Version 5.10                  10/3/23 18:44:58
                                                             Page     1-6


     269 019D  B7 00			                mov bh,0
     270 019F  B6 07			                mov dh,7
     271 01A1  B2 00			                mov dl,0
     272 01A3  CD 10			                int 10h
     273				
     274 01A5  B4 00			                mov ah,00
     275 01A7  B0 02			                mov al,02
     276 01A9  CD 10			                int 10h
     277				                        
     278 01AB  E9 00F4 R		                jmp JumpHelper2
     279 01AE				Program_Vege:
     280 01AE  B8 4C00			                mov ax,4c00h
     281 01B1  CD 21			                int 21h
     282 01B3				elsoszam:
     283 01B3  41 64 6A 61 20 6D		db "Adja meg az elso szamot $"
     284       65 67 20 61 7A 20	
     285       65 6C 73 6F 20 73	
     286       7A 61 6D 6F 74 20	
     287       24			
     288 01CC				masodikszam:
     289 01CC  41 64 6A 61 20 6D		db "Adja meg a masodik szamot $
					"
     290       65 67 20 61 20 6D	
     291       61 73 6F 64 69 6B	
     292       20 73 7A 61 6D 6F	
     293       74 20 24			
     294 01E7				menu1:
     295 01E7  31 20 65 6C 73 6F		db "1 elso szam $"
     296       20 73 7A 61 6D 20	
     297       24			
     298 01F4				menu2:
     299 01F4  32 20 6D 61 73 6F		db "2 masodik szam $"
     300       64 69 6B 20 73 7A	
     301       61 6D 20 24		
     302 0204				menu3:
     303 0204  33 20 45 53 43 20		db "3 ESC $"
     304       24			
     305 020B				ertek:
     306 020B  2A 2A 2A 2A 24		        db "****$"
     307 0210				ertek2:
     308 0210  2A 2A 2A 2A 24				db "****$"
     309				
     310 0215				hiba:
     311 0215  4E 65 6D 20 6D 65	        db "Nem megengedett karakter!$"
     312       67 65 6E 67 65 64	
     313       65 74 74 20 6B 61	
     314       72 61 6B 74 65 72	
     315       21 24			
     316				
     317 022F				uzenet:
     318 022F  56 65 67 65 20 61	        db "Vege a bevitelnek!$"
     319       20 62 65 76 69 74	
     320       65 6C 6E 65 6B 21	
     321       24			
Microsoft (R) Macro Assembler Version 5.10                  10/3/23 18:44:58
                                                             Page     1-7


     322				
     323 0242				Code Ends
     324				
     325 0000				Data Segment
     326 0000				Data Ends
     327				
     328 0000				Stack Segment
     329 0000				Stack Ends
     330				
     331				        End Start
Microsoft (R) Macro Assembler Version 5.10                  10/3/23 18:44:58
                                                             Symbols-1


Segments and Groups:

                N a m e         	Length	 Align	Combine Class

CODE . . . . . . . . . . . . . .  	0242	PARA	NONE	
DATA . . . . . . . . . . . . . .  	0000	PARA	NONE	
STACK  . . . . . . . . . . . . .  	0000	PARA	NONE	

Symbols:            

                N a m e         	Type	 Value	 Attr

BEVITELELSO  . . . . . . . . . .  	L NEAR	00A1	CODE
BEVITELMASODIK . . . . . . . . .  	L NEAR	012F	CODE

ELSOERTEK  . . . . . . . . . . .  	L NEAR	009E	CODE
ELSOSZAM . . . . . . . . . . . .  	L NEAR	01B3	CODE
ERTEK  . . . . . . . . . . . . .  	L NEAR	020B	CODE
ERTEK2 . . . . . . . . . . . . .  	L NEAR	0210	CODE

HIBA . . . . . . . . . . . . . .  	L NEAR	0215	CODE
HIBAJUMP . . . . . . . . . . . .  	L NEAR	0089	CODE

JUMPHELPER . . . . . . . . . . .  	L NEAR	00F1	CODE
JUMPHELPER2  . . . . . . . . . .  	L NEAR	00F4	CODE
JUMPHELPER3  . . . . . . . . . .  	L NEAR	00EE	CODE
JUMPMEU  . . . . . . . . . . . .  	L NEAR	0074	CODE

KIIRMENU . . . . . . . . . . . .  	L NEAR	000A	CODE

MASODIKERTEK . . . . . . . . . .  	L NEAR	012C	CODE
MASODIKSZAM  . . . . . . . . . .  	L NEAR	01CC	CODE
MENU1  . . . . . . . . . . . . .  	L NEAR	01E7	CODE
MENU2  . . . . . . . . . . . . .  	L NEAR	01F4	CODE
MENU3  . . . . . . . . . . . . .  	L NEAR	0204	CODE
MENUVALASZT  . . . . . . . . . .  	L NEAR	0076	CODE

PROGRAM_VEGE . . . . . . . . . .  	L NEAR	01AE	CODE

START  . . . . . . . . . . . . .  	L NEAR	0000	CODE

TAROLELSO  . . . . . . . . . . .  	L NEAR	00F7	CODE
TAROLMASODIK . . . . . . . . . .  	L NEAR	0179	CODE

UZENET . . . . . . . . . . . . .  	L NEAR	022F	CODE

VIZSGELSO  . . . . . . . . . . .  	L NEAR	00D3	CODE
VIZSGMASODIK . . . . . . . . . .  	L NEAR	015E	CODE

@CPU . . . . . . . . . . . . . .  	TEXT  0101h		
@FILENAME  . . . . . . . . . . .  	TEXT  horim2_1		
@VERSION . . . . . . . . . . . .  	TEXT  510		

Microsoft (R) Macro Assembler Version 5.10                  10/3/23 18:44:58
                                                             Symbols-2



    311 Source  Lines
    311 Total   Lines
     34 Symbols

  47432 + 449557 Bytes symbol space free

      0 Warning Errors
      0 Severe  Errors
