Microsoft (R) Macro Assembler Version 5.10                  12/2/23 09:00:33
                                                             Page     1-1


       1				;======================================
					====================================
       2				;Nï¿½v:
       3				;Neptun kï¿½d:
       4				;Dï¿½tum:
       5				;
       6				;======================================
					====================================
       7 0000				Code	Segment
       8					assume CS:Code, DS:Data, SS:Sta
					ck
       9				
      10				
      11 0000				Start:
      12 0000  B8 ---- R			mov	ax, Code
      13 0003  8E D8				mov	DS, AX
      14				
      15 0005  B8 0003				mov ax,3
      16 0008  CD 10				int 10h
      17				
      18				
      19				;======================================
					====================================
      20				;1. feledat: 
      21				;Karakteres ï¿½zemmï¿½dban rajzoljon eg
					y derï¿½kszï¿½gï¿½ hï¿½romszï¿½get.
      22				;A hï¿½romszï¿½g egyik csï¿½csa legyen 
					a 10,10 koordinï¿½tï¿½n.
      23				;
      24				;A hï¿½romszï¿½g mï¿½rete ï¿½s elhelyez
					kedï¿½se az alï¿½bbi vï¿½zlatnak megfel
					elï¿½ legyen! 
      25				;x
      26				;xx
      27				;x x
      28				;x  x
      29				;x   x
      30				;x    x
      31				;x     x
      32				;xxxxxxxx
      33				;======================================
					====================================
      34				
      35 000A  BA 0200 R			mov	dx, offset feladat1
      36 000D  B4 09				mov	ah,9
      37 000F  CD 21				int	21h
      38				;**************************************
					************************************
      39				;Ide ï¿½rja a megfelelï¿½ programrï¿½sz
					t!
      40 0011  B4 02				mov ah, 02h
      41 0013  B7 00				mov bh, 0
      42 0015  B2 0A				mov dl, 10
      43 0017  B6 0A				mov dh, 10
Microsoft (R) Macro Assembler Version 5.10                  12/2/23 09:00:33
                                                             Page     1-2


      44 0019  CD 10				int 10h
      45				
      46 001B  52				push dx
      47				
      48 001C  B9 0008				mov cx, 8
      49				
      50 001F				Oldal1:
      51 001F  B2 78				mov dl, 'x'
      52 0021  B4 02				mov ah, 02h
      53 0023  CD 21				int 21h
      54				
      55 0025  5A				pop dx
      56 0026  FE C2				inc dl
      57 0028  FE C6				inc dh
      58 002A  CD 10				int 10h
      59 002C  52				push dx
      60				
      61 002D  E2 F0				loop Oldal1
      62				
      63 002F  5A			pop dx
      64 0030  FE CA			dec dl
      65 0032  FE CE			dec dh
      66 0034  CD 10			int 10h
      67 0036  52			push dx
      68				
      69 0037  B9 0008			mov cx, 8
      70				
      71 003A				Oldal2:
      72 003A  B2 78				mov dl, 'x'
      73 003C  B4 02				mov ah, 02h
      74 003E  CD 21				int 21h
      75				
      76 0040  5A				pop dx
      77 0041  FE CA				dec dl
      78 0043  CD 10				int 10h
      79 0045  52				push dx
      80				
      81 0046  E2 F2				loop Oldal2
      82				
      83 0048  5A			pop dx
      84 0049  FE C2			inc dl
      85 004B  CD 10			int 10h
      86 004D  52			push dx
      87				
      88 004E  B9 0008			mov cx, 8
      89				
      90 0051				Oldal3:
      91 0051  B2 78				mov dl, 'x'
      92 0053  B4 02				mov ah, 02h
      93 0055  CD 21				int 21h
      94				
      95 0057  5A				pop dx
      96 0058  FE CE				dec dh
      97 005A  CD 10				int 10h
Microsoft (R) Macro Assembler Version 5.10                  12/2/23 09:00:33
                                                             Page     1-3


      98 005C  52				push dx
      99				
     100				
     101 005D  E2 F2				loop Oldal3
     102				
     103				;Eddig
     104				;**************************************
					************************************
     105 005F  33 C0				xor	ax,ax
     106 0061  CD 16				int	16h
     107				;======================================
					====================================
     108				;2. feledat: 
     109				;Karakteres ï¿½zemmï¿½dban ï¿½rja ki a 
					kï¿½pernyï¿½re SI ï¿½rtï¿½kï¿½t hexa fo
					rmï¿½ban!
     110				;======================================
					====================================
     111 0063  B4 02				mov	ah, 02h
     112 0065  B7 00				mov	bh, 0
     113 0067  B2 00				mov	dl,0		;DL:X k
					oordinata
     114 0069  B6 0C				mov	dh,12		;DH:Y k
					oordinata
     115 006B  CD 10				int	10h
     116				
     117 006D  BA 0224 R			mov	dx, offset feladat2
     118 0070  B4 09				mov	ah,9
     119 0072  CD 21				int	21h
     120				
     121 0074  B4 02				mov	ah, 02h
     122 0076  B7 00				mov	bh, 0
     123 0078  B2 00				mov	dl,0		;DL:X k
					oordinata
     124 007A  B6 0E				mov	dh,14		;DH:Y k
					oordinata
     125 007C  CD 10				int	10h
     126				
     127 007E  BE FFFE				mov	si,65534
     128				;**************************************
					************************************
     129				;Ide ï¿½rja a megfelelï¿½ programrï¿½sz
					t!
     130				
     131				
     132				;Eddig
     133				;**************************************
					************************************
     134 0081  33 C0				xor	ax,ax
     135 0083  CD 16				int	16h
     136				;======================================
					====================================
     137				;3. feledat: 
     138				;Dï¿½ntse el a megnyomott bilentyï¿½rï¿
Microsoft (R) Macro Assembler Version 5.10                  12/2/23 09:00:33
                                                             Page     1-4


					½l, hogy szï¿½mot, vagy egyï¿½b karakte
					rt
     139				;"vitt" be! A ciklusbï¿½l "ESC" billent
					yï¿½ leï¿½tï¿½sï¿½vel lehet kilï¿½pni.
     140				;Hasznï¿½lja a program elï¿½re megï¿½rt
					 ï¿½zeneteit!
     141				;======================================
					====================================
     142 0085  B4 02				mov	ah, 02h
     143 0087  B7 00				mov	bh, 0
     144 0089  B2 00				mov	dl,0		;DL:X k
					oordinata
     145 008B  B6 0F				mov	dh,15		;DH:Y k
					oordinata
     146 008D  CD 10				int	10h
     147				
     148 008F  BA 024A R			mov	dx, offset feladat3
     149 0092  B4 09				mov	ah,9
     150 0094  CD 21				int	21h
     151				
     152 0096				bevitel1:
     153 0096  B4 02				mov	ah, 02h
     154 0098  B7 00				mov	bh, 0
     155 009A  B2 00				mov	dl,0		;DL:X k
					oordinata
     156 009C  B6 11				mov	dh,17		;DH:Y k
					oordinata
     157 009E  CD 10				int	10h
     158				
     159 00A0  32 E4				xor ah,ah
     160 00A2  CD 16				int 16h
     161 00A4  3C 1B				cmp al,27
     162 00A6  74 25				jz Feladat3_Vege
     163				;**************************************
					************************************
     164				;Ide ï¿½rja a megfelelï¿½ programrï¿½sz
					t!
     165				
     166 00A8				Beker:
     167 00A8  33 C0				xor ax, ax
     168 00AA  CD 16				int 16h
     169				
     170 00AC  3C 1B				cmp al, 27
     171 00AE  74 1D				jz Feladat3_Vege
     172				
     173 00B0  3C 30				cmp al, '0'
     174 00B2  7C 07				jl NemSzam
     175				
     176 00B4  3C 39				cmp al, '9'
     177 00B6  7F 03				jg NemSzam
     178				
     179 00B8  EB 0A 90				jmp Szam
     180				
     181				
Microsoft (R) Macro Assembler Version 5.10                  12/2/23 09:00:33
                                                             Page     1-5


     182 00BB				NemSzam:
     183 00BB  BA 01AE R			mov dx, offset uzenetnemszam
     184 00BE  B4 09				mov ah, 09h
     185 00C0  CD 21				int 21h
     186				
     187 00C2  EB E4				jmp Beker
     188				
     189 00C4				Szam:
     190 00C4  BA 0194 R			mov dx, offset uzenetszam
     191 00C7  B4 09				mov ah, 09h
     192 00C9  CD 21				int 21h
     193				
     194 00CB  EB DB				jmp Beker
     195				
     196				
     197				;Eddig
     198				;**************************************
					************************************
     199 00CD				Feladat3_Vege:
     200				;======================================
					====================================
     201				;4. feledat: 
     202				;Karakteres ï¿½zemmï¿½dban ï¿½rja ki a 
					kï¿½pernyï¿½re SI ï¿½rtï¿½kï¿½t decimï¿
					½lis formï¿½ban!
     203				;======================================
					====================================
     204 00CD  B4 02				mov	ah, 02h
     205 00CF  B7 00				mov	bh, 0
     206 00D1  B2 00				mov	dl,0		;DL:X k
					oordinata
     207 00D3  B6 13				mov	dh,19		;DH:Y k
					oordinata
     208 00D5  CD 10				int	10h
     209				
     210 00D7  BA 027C R			mov	dx, offset feladat4
     211 00DA  B4 09				mov	ah,9
     212 00DC  CD 21				int	21h
     213				
     214 00DE  B4 02				mov	ah, 02h
     215 00E0  B7 00				mov	bh, 0
     216 00E2  B2 00				mov	dl,0		;DL:X k
					oordinata
     217 00E4  B6 15				mov	dh,21		;DH:Y k
					oordinata
     218 00E6  CD 10				int	10h
     219				
     220 00E8  BE 0100				mov	si,256
     221				;**************************************
					************************************
     222				;Ide ï¿½rja a megfelelï¿½ programrï¿½sz
					t!
     223				
     224 00EB  8B DE				mov bx, si
Microsoft (R) Macro Assembler Version 5.10                  12/2/23 09:00:33
                                                             Page     1-6


     225 00ED  B9 0010				mov cx, 16
     226				
     227 00F0				SiBinaris:
     228				
     229 00F0  D1 D3				rcl bx, 1
     230 00F2  72 0B				jc Egyes
     231				
     232 00F4  B2 30				mov dl, '0'
     233 00F6  B4 02				mov ah, 02h
     234 00F8  CD 21				int 21h
     235				
     236 00FA  E2 F4				loop SiBinaris
     237				
     238 00FC  EB 0F 90				jmp Feladat4_Vege
     239				
     240 00FF				Egyes:
     241 00FF  B2 31				mov dl, '1'
     242 0101  B4 02				mov ah, 02h
     243 0103  CD 21				int 21h
     244				
     245 0105  83 F9 00				cmp cx, 0
     246 0108  74 03				jz Feladat4_Vege
     247				
     248 010A  49				dec cx 
     249				
     250 010B  EB E3				jmp SiBinaris
     251				
     252 010D				Feladat4_Vege:
     253				
     254				
     255				;Eddig
     256				;**************************************
					************************************
     257 010D  33 C0				xor	ax,ax
     258 010F  CD 16				int	16h
     259				
     260 0111  B8 0003				mov ax,3
     261 0114  CD 10				int 10h
     262				
     263				;======================================
					====================================
     264				;5. feledat: 
     265				;Karakteres ï¿½zemmï¿½dban ï¿½rja ki a 
					"Indul a gorog aludni!" uzenetet!
     266				;Hasznï¿½lja a meglï¿½vï¿½ "uzenet5" sz
					tringet! Ne ï¿½rja ki az "x" karakter, 
     267				;ami tï¿½bbszï¿½r is lehet egymï¿½s utï
					¿½n.
     268				;======================================
					====================================
     269 0116  BA 02A5 R			mov	dx, offset feladat5
     270 0119  B4 09				mov	ah,9
     271 011B  CD 21				int	21h
     272				
Microsoft (R) Macro Assembler Version 5.10                  12/2/23 09:00:33
                                                             Page     1-7


     273 011D  B4 02				mov	ah, 02h
     274 011F  B7 00				mov	bh, 0
     275 0121  B2 00				mov	dl,0		;DL:X k
					oordinata
     276 0123  B6 02				mov	dh,2		;DH:Y k
					oordinata
     277 0125  CD 10				int	10h
     278				
     279				;**************************************
					************************************
     280				;Ide ï¿½rja a megfelelï¿½ programrï¿½sz
					t!
     281				
     282 0127  BF 01C8 R			mov di, offset uzenet5
     283 012A  B3 00				mov bl, 0
     284				
     285 012C				Elore:
     286 012C  8A 05				mov al, [di]
     287				
     288 012E  3C 24				cmp al, '$'
     289 0130  74 05				jz Visszaallit
     290				
     291 0132  47				inc di
     292 0133  FE C3				inc bl
     293				
     294 0135  EB F5				jmp Elore
     295				
     296 0137				Visszaallit:
     297 0137  4F				dec di
     298 0138  FE CB				dec bl
     299 013A  8A CB				mov cl, bl
     300 013C  EB 01 90				jmp Vissza
     301				
     302 013F				Vissza:
     303 013F  8A 05				mov al, [di]
     304				
     305 0141  3C 78				cmp al, 'x'
     306 0143  74 0C				jz Atugor
     307				
     308 0145  8A D0				mov dl, al
     309 0147  B4 02				mov ah, 02h
     310 0149  CD 21				int 21h
     311				
     312 014B  4F				dec di
     313				
     314 014C  E2 F1				loop Vissza
     315				
     316 014E  EB 06 90				jmp Feladat5_Vege
     317				
     318 0151				Atugor:
     319 0151  4F				dec di
     320 0152  FE C9				dec cl
     321 0154  EB E9				jmp Vissza
     322				
Microsoft (R) Macro Assembler Version 5.10                  12/2/23 09:00:33
                                                             Page     1-8


     323 0156				Feladat5_Vege:
     324				
     325				
     326				;Eddig
     327				;**************************************
					************************************
     328 0156  33 C0				xor	ax,ax
     329 0158  CD 16				int	16h
     330				;======================================
					====================================
     331				;6. feledat: 
     332				;Szï¿½mï¿½tsa ki a "muvelet1" sztringbe
					n megadott szorzï¿½st.
     333				;A kï¿½t szï¿½jegyet elvï¿½lasztï¿½ "*"
					 szimbï¿½lumot nem kell feldolgozni!
     334				;A szorzat eredmï¿½nyï¿½nek megfelelï¿½
					 karaktert jelenï¿½tse meg a kï¿½pernyï
					¿½n.
     335				;======================================
					====================================
     336 015A  B4 02				mov	ah, 02h
     337 015C  B7 00				mov	bh, 0
     338 015E  B2 00				mov	dl,0		;DL:X k
					oordinata
     339 0160  B6 04				mov	dh,4		;DH:Y k
					oordinata
     340 0162  CD 10				int	10h
     341				
     342 0164  BA 02C4 R			mov	dx, offset feladat6
     343 0167  B4 09				mov	ah,9
     344 0169  CD 21				int	21h
     345				
     346 016B  B4 02				mov	ah, 02h
     347 016D  B7 00				mov	bh, 0
     348 016F  B2 00				mov	dl,0		;DL:X k
					oordinata
     349 0171  B6 06				mov	dh,6		;DH:Y k
					oordinata
     350 0173  CD 10				int	10h
     351				
     352				;**************************************
					************************************
     353				;Ide ï¿½rja a megfelelï¿½ programrï¿½sz
					t!
     354				
     355 0175  BF 01FD R			mov di, offset muvelet1
     356				
     357 0178  8A 05				mov al, [di]
     358				
     359 017A  47				inc di
     360 017B  47				inc di
     361				
     362 017C  8A 1D				mov bl, [di]
     363				
Microsoft (R) Macro Assembler Version 5.10                  12/2/23 09:00:33
                                                             Page     1-9


     364 017E  2C 30				sub al, '0'
     365 0180  80 EB 30				sub bl, '0'
     366				
     367 0183  F6 E3				mul bl
     368				
     369 0185  8A D0				mov dl, al
     370 0187  B4 02				mov ah, 02h
     371 0189  CD 21				int 21h
     372				
     373				
     374				;Eddig
     375				;**************************************
					************************************
     376 018B  33 C0				xor	ax,ax
     377 018D  CD 16				int	16h
     378				
     379 018F				Program_Vege:
     380 018F  B8 4C00				mov	ax, 4c00h
     381 0192  CD 21				int	21h
     382				
     383 0194  53 7A 61 6D 6A 65	uzenetszam	db	"Szamjegy lett 
					leutve!    $"
     384       67 79 20 6C 65 74	
     385       74 20 6C 65 75 74	
     386       76 65 21 20 20 20	
     387       20 24			
     388 01AE  4E 65 6D 20 73 7A	uzenetnemszam	db	"Nem szamjegy l
					ett leutve!$"
     389       61 6D 6A 65 67 79	
     390       20 6C 65 74 74 20	
     391       6C 65 75 74 76 65	
     392       21 24			
     393 01C8  78 21 78 69 78 6E	uzenet5		db	"x!xixnxdxuxxxx
					xlxax xgxxxxoxrxoxgxxx xax xlxuxdxxnxI$
					"
     394       78 64 78 75 78 78	
     395       78 78 78 6C 78 61	
     396       78 20 78 67 78 78	
     397       78 78 6F 78 72 78	
     398       6F 78 67 78 78 78	
     399       20 78 61 78 20 78	
     400       6C 78 75 78 64 78	
     401       78 6E 78 49 24		
     402 01FD  35 2A 37			muvelet1	db	"5*7"
     403					
     404 0200  45 6C 73 6F 20 66	feladat1	db	"Elso feladat: 
					derekszogu haromszog.$" 
     405       65 6C 61 64 61 74	
     406       3A 20 64 65 72 65	
     407       6B 73 7A 6F 67 75	
     408       20 68 61 72 6F 6D	
     409       73 7A 6F 67 2E 24	
     410 0224  4D 61 73 6F 64 69	feladat2	db	"Masodik felada
					t: SI erteke binarisan.$" 
Microsoft (R) Macro Assembler Version 5.10                  12/2/23 09:00:33
                                                             Page     1-10


     411       6B 20 66 65 6C 61	
     412       64 61 74 3A 20 53	
     413       49 20 65 72 74 65	
     414       6B 65 20 62 69 6E	
     415       61 72 69 73 61 6E	
     416       2E 24			
     417 024A  48 61 72 6D 61 64	feladat3	db	"Harmadik felad
					at: szamjegy bevitele.(ESC=kilepes)$" 
     418       69 6B 20 66 65 6C	
     419       61 64 61 74 3A 20	
     420       73 7A 61 6D 6A 65	
     421       67 79 20 62 65 76	
     422       69 74 65 6C 65 2E	
     423       28 45 53 43 3D 6B	
     424       69 6C 65 70 65 73	
     425       29 24			
     426 027C  4E 65 67 79 65 64	feladat4	db	"Negyedik felad
					at: SI erteke decimalisan.$" 
     427       69 6B 20 66 65 6C	
     428       61 64 61 74 3A 20	
     429       53 49 20 65 72 74	
     430       65 6B 65 20 64 65	
     431       63 69 6D 61 6C 69	
     432       73 61 6E 2E 24		
     433 02A5  4F 74 6F 64 69 6B	feladat5	db	"Otodik feladat
					: uzenet kiiras.$" 
     434       20 66 65 6C 61 64	
     435       61 74 3A 20 75 7A	
     436       65 6E 65 74 20 6B	
     437       69 69 72 61 73 2E	
     438       24			
     439 02C4  48 61 74 6F 64 69	feladat6	db	"Hatodik felada
					t: szamolas.$" 
     440       6B 20 66 65 6C 61	
     441       64 61 74 3A 20 73	
     442       7A 61 6D 6F 6C 61	
     443       73 2E 24			
     444				
     445 02DF				Code	Ends
     446				
     447 0000				Data	Segment
     448				
     449 0000				Data	Ends
     450				
     451 0000				Stack	Segment
     452				
     453 0000				Stack	Ends
     454					End	Start
Microsoft (R) Macro Assembler Version 5.10                  12/2/23 09:00:33
                                                             Symbols-1


Segments and Groups:

                N a m e         	Length	 Align	Combine Class

CODE . . . . . . . . . . . . . .  	02DF	PARA	NONE	
DATA . . . . . . . . . . . . . .  	0000	PARA	NONE	
STACK  . . . . . . . . . . . . .  	0000	PARA	NONE	

Symbols:            

                N a m e         	Type	 Value	 Attr

ATUGOR . . . . . . . . . . . . .  	L NEAR	0151	CODE

BEKER  . . . . . . . . . . . . .  	L NEAR	00A8	CODE
BEVITEL1 . . . . . . . . . . . .  	L NEAR	0096	CODE

EGYES  . . . . . . . . . . . . .  	L NEAR	00FF	CODE
ELORE  . . . . . . . . . . . . .  	L NEAR	012C	CODE

FELADAT1 . . . . . . . . . . . .  	L BYTE	0200	CODE
FELADAT2 . . . . . . . . . . . .  	L BYTE	0224	CODE
FELADAT3 . . . . . . . . . . . .  	L BYTE	024A	CODE
FELADAT3_VEGE  . . . . . . . . .  	L NEAR	00CD	CODE
FELADAT4 . . . . . . . . . . . .  	L BYTE	027C	CODE
FELADAT4_VEGE  . . . . . . . . .  	L NEAR	010D	CODE
FELADAT5 . . . . . . . . . . . .  	L BYTE	02A5	CODE
FELADAT5_VEGE  . . . . . . . . .  	L NEAR	0156	CODE
FELADAT6 . . . . . . . . . . . .  	L BYTE	02C4	CODE

MUVELET1 . . . . . . . . . . . .  	L BYTE	01FD	CODE

NEMSZAM  . . . . . . . . . . . .  	L NEAR	00BB	CODE

OLDAL1 . . . . . . . . . . . . .  	L NEAR	001F	CODE
OLDAL2 . . . . . . . . . . . . .  	L NEAR	003A	CODE
OLDAL3 . . . . . . . . . . . . .  	L NEAR	0051	CODE

PROGRAM_VEGE . . . . . . . . . .  	L NEAR	018F	CODE

SIBINARIS  . . . . . . . . . . .  	L NEAR	00F0	CODE
START  . . . . . . . . . . . . .  	L NEAR	0000	CODE
SZAM . . . . . . . . . . . . . .  	L NEAR	00C4	CODE

UZENET5  . . . . . . . . . . . .  	L BYTE	01C8	CODE
UZENETNEMSZAM  . . . . . . . . .  	L BYTE	01AE	CODE
UZENETSZAM . . . . . . . . . . .  	L BYTE	0194	CODE

VISSZA . . . . . . . . . . . . .  	L NEAR	013F	CODE
VISSZAALLIT  . . . . . . . . . .  	L NEAR	0137	CODE

@CPU . . . . . . . . . . . . . .  	TEXT  0101h		
@FILENAME  . . . . . . . . . . .  	TEXT  zh2_4		
@VERSION . . . . . . . . . . . .  	TEXT  510		
Microsoft (R) Macro Assembler Version 5.10                  12/2/23 09:00:33
                                                             Symbols-2




    404 Source  Lines
    404 Total   Lines
     36 Symbols

  47430 + 445462 Bytes symbol space free

      0 Warning Errors
      0 Severe  Errors
