Microsoft (R) Macro Assembler Version 5.10                  11/5/23 12:29:55
                                                             Page     1-1


       1				
       2 0000				Code    Segment
       3				    assume CS:Code, DS:Data, SS:Stack
       4				
       5 0000				Start:
       6 0000  B8 ---- R			mov	ax, Code
       7 0003  8E D8				mov DS, AX		
       8				
       9				
      10 0005				ElsoCsik:
      11				
      12 0005  B9 0064				mov cx, 100
      13 0008  BA 0064				mov dx, 100
      14				
      15 000B  52				push dx
      16 000C  51				push cx
      17				
      18 000D				MasodikCsik:
      19 000D  B9 00C8				mov cx, 200
      20 0010  BA 00C8				mov dx, 200
      21				
      22 0013  52				push dx
      23 0014  51				push cx
      24				
      25 0015  B8 0013				mov ax, 13h
      26 0018  CD 10				int	10h
      27					
      28 001A  B8 A000				mov	ax, 0a000h
      29 001D  8E C0				mov es, ax
      30				
      31 001F				Rajz:
      32 001F  59				pop cx
      33				
      34 0020  33 C0				xor	ax, ax
      35 0022  8B C1				mov	ax, cx
      36						
      37 0024  51				push cx
      38						
      39 0025  BB 0140				mov	bx, 320
      40 0028  F7 E3				mul	bx
      41						
      42 002A  59				pop cx
      43 002B  5A				pop	dx
      44 002C  03 C2				add	ax, dx
      45 002E  73 1B				jnc	Pixel
      46 0030  FE C4				inc ah
      47				
      48 0032  EB 17 90				jmp Pixel
      49				
      50 0035				Rajz2:
      51 0035  59				pop cx
      52				
      53 0036  33 C0				xor	ax, ax
      54 0038  8B C1				mov	ax, cx
Microsoft (R) Macro Assembler Version 5.10                  11/5/23 12:29:55
                                                             Page     1-2


      55						
      56 003A  51				push cx
      57						
      58 003B  BB 0140				mov	bx, 320
      59 003E  F7 E3				mul	bx
      60						
      61 0040  59				pop cx
      62 0041  5A				pop	dx
      63 0042  03 C2				add	ax, dx
      64 0044  73 11				jnc	Pixel2
      65 0046  FE C4				inc ah
      66				
      67 0048  EB 0D 90				jmp Pixel2
      68				
      69 004B				Pixel:
      70 004B  52				push dx
      71 004C  51				push cx
      72 004D  8B F8				mov	di,ax
      73 004F  B0 01				mov	al, 1
      74 0051  26: 88 05			mov	es:[di], al
      75				
      76 0054  EB 0D 90				jmp Var
      77 0057				Pixel2:
      78 0057  52				push dx
      79 0058  51				push cx
      80 0059  8B F8				mov di, ax
      81 005B  B0 04				mov al, 4
      82 005D  26: 88 05			mov es:[di], al
      83				
      84 0060  EB 01 90				jmp Var
      85 0063				Var:
      86 0063  33 C0				xor	ax,ax
      87 0065  CD 16				int	16h
      88					
      89 0067  3C 1B				cmp	al, 27
      90 0069  74 58				jz	JumpHelper
      91					
      92 006B  80 FC 4B				cmp	ah, 75
      93 006E  74 21				jz	Balra
      94						
      95 0070  80 FC 4D				cmp	ah, 77
      96 0073  74 28				jz	Jobbra
      97						
      98 0075  80 FC 48				cmp	ah, 72
      99 0078  74 30				jz	Felfele
     100				
     101 007A  80 FC 50				cmp	ah, 80
     102 007D  74 37				jz	Lefele
     103					
     104 007F  3C 61				cmp al, 'a'
     105 0081  74 43				jz Balra2
     106				
     107 0083  3C 73				cmp al, 's'
     108 0085  74 64				jz Lefele2
Microsoft (R) Macro Assembler Version 5.10                  11/5/23 12:29:55
                                                             Page     1-3


     109				
     110 0087  3C 77				cmp al, 'w'
     111 0089  74 54				jz Felfele2
     112				
     113 008B  3C 64				cmp al, 'd'
     114 008D  74 43				jz Jobbra2
     115				
     116 008F  EB D2				jmp	Var
     117				
     118 0091				Balra:
     119 0091  59				pop cx
     120 0092  5A				pop	dx
     121 0093  4A				dec	dx
     122 0094  83 FA 01				cmp	dx, 1
     123 0097  73 5F				jnc Tarol
     124 0099  42				inc dx
     125 009A  EB 5C 90				jmp	Tarol
     126					
     127 009D				Jobbra:
     128 009D  59				pop	cx
     129 009E  5A				pop	dx
     130 009F  42				inc dx
     131 00A0  81 FA 0140			cmp	dx, 320
     132 00A4  72 52				jc	Tarol
     133 00A6  4A				dec	dx
     134 00A7  EB 4F 90				jmp	Tarol
     135					
     136 00AA				Felfele:
     137 00AA  59				pop	cx
     138 00AB  5A				pop	dx
     139 00AC  49				dec	cx
     140 00AD  83 F9 01				cmp	cx, 1
     141 00B0  73 46				jnc Tarol
     142 00B2  41				inc	cx
     143 00B3  EB 43 90				jmp	Tarol
     144				
     145 00B6				Lefele:
     146 00B6  59				pop	cx
     147 00B7  5A				pop	dx
     148 00B8  41				inc	cx
     149 00B9  81 F9 00C8			cmp	cx, 200
     150 00BD  72 39				jc	Tarol
     151 00BF  49				dec	cx
     152 00C0  EB 36 90				jmp	Tarol
     153				
     154 00C3				JumpHelper:
     155 00C3  EB 3D 90				jmp Program_Vege
     156				
     157 00C6				Balra2:
     158 00C6  59				pop cx
     159 00C7  5A				pop	dx
     160 00C8  4A				dec	dx
     161 00C9  83 FA 01				cmp	dx, 1
     162 00CC  73 2F				jnc Tarol2
Microsoft (R) Macro Assembler Version 5.10                  11/5/23 12:29:55
                                                             Page     1-4


     163 00CE  42				inc dx
     164 00CF  EB 2C 90				jmp	Tarol2
     165					
     166 00D2				Jobbra2:
     167 00D2  59				pop	cx
     168 00D3  5A				pop	dx
     169 00D4  42				inc dx
     170 00D5  81 FA 0140			cmp	dx, 320
     171 00D9  72 22				jc	Tarol2
     172 00DB  4A				dec	dx
     173 00DC  EB 1F 90				jmp	Tarol2
     174					
     175 00DF				Felfele2:
     176 00DF  59				pop	cx
     177 00E0  5A				pop	dx
     178 00E1  49				dec	cx
     179 00E2  83 F9 01				cmp	cx, 1
     180 00E5  73 16				jnc Tarol2
     181 00E7  41				inc	cx
     182 00E8  EB 13 90				jmp	Tarol2
     183				
     184 00EB				Lefele2:
     185 00EB  59				pop	cx
     186 00EC  5A				pop	dx
     187 00ED  41				inc	cx
     188 00EE  81 F9 00C8			cmp	cx, 200
     189 00F2  72 09				jc	Tarol2
     190 00F4  49				dec	cx
     191 00F5  EB 06 90				jmp	Tarol2
     192				
     193 00F8				Tarol:
     194						
     195 00F8  52				push dx
     196 00F9  51				push cx
     197 00FA  E9 001F R			jmp	Rajz
     198				
     199 00FD				Tarol2:
     200 00FD  52				push dx
     201 00FE  51				push cx
     202 00FF  E9 0035 R			jmp Rajz2
     203				
     204 0102				Program_Vege:
     205 0102  B8 0003				mov	ax, 03h
     206 0105  CD 10				int	10h
     207						
     208 0107  59				pop	cx
     209 0108  5A				pop	dx
     210					
     211 0109  B8 4C00				mov	ax, 4c00h
     212 010C  CD 21				int	21h
     213						
     214				
     215 010E				Code Ends
     216 0000				Data Segment
Microsoft (R) Macro Assembler Version 5.10                  11/5/23 12:29:55
                                                             Page     1-5


     217 0000				Data Ends
     218 0000				Stack Segment
     219 0000				Stack Ends
     220					End	Start
Microsoft (R) Macro Assembler Version 5.10                  11/5/23 12:29:55
                                                             Symbols-1


Segments and Groups:

                N a m e         	Length	 Align	Combine Class

CODE . . . . . . . . . . . . . .  	010E	PARA	NONE	
DATA . . . . . . . . . . . . . .  	0000	PARA	NONE	
STACK  . . . . . . . . . . . . .  	0000	PARA	NONE	

Symbols:            

                N a m e         	Type	 Value	 Attr

BALRA  . . . . . . . . . . . . .  	L NEAR	0091	CODE
BALRA2 . . . . . . . . . . . . .  	L NEAR	00C6	CODE

ELSOCSIK . . . . . . . . . . . .  	L NEAR	0005	CODE

FELFELE  . . . . . . . . . . . .  	L NEAR	00AA	CODE
FELFELE2 . . . . . . . . . . . .  	L NEAR	00DF	CODE

JOBBRA . . . . . . . . . . . . .  	L NEAR	009D	CODE
JOBBRA2  . . . . . . . . . . . .  	L NEAR	00D2	CODE
JUMPHELPER . . . . . . . . . . .  	L NEAR	00C3	CODE

LEFELE . . . . . . . . . . . . .  	L NEAR	00B6	CODE
LEFELE2  . . . . . . . . . . . .  	L NEAR	00EB	CODE

MASODIKCSIK  . . . . . . . . . .  	L NEAR	000D	CODE

PIXEL  . . . . . . . . . . . . .  	L NEAR	004B	CODE
PIXEL2 . . . . . . . . . . . . .  	L NEAR	0057	CODE
PROGRAM_VEGE . . . . . . . . . .  	L NEAR	0102	CODE

RAJZ . . . . . . . . . . . . . .  	L NEAR	001F	CODE
RAJZ2  . . . . . . . . . . . . .  	L NEAR	0035	CODE

START  . . . . . . . . . . . . .  	L NEAR	0000	CODE

TAROL  . . . . . . . . . . . . .  	L NEAR	00F8	CODE
TAROL2 . . . . . . . . . . . . .  	L NEAR	00FD	CODE

VAR  . . . . . . . . . . . . . .  	L NEAR	0063	CODE

@CPU . . . . . . . . . . . . . .  	TEXT  0101h		
@FILENAME  . . . . . . . . . . .  	TEXT  horimr		
@VERSION . . . . . . . . . . . .  	TEXT  510		

Microsoft (R) Macro Assembler Version 5.10                  11/5/23 12:29:55
                                                             Symbols-2



    220 Source  Lines
    220 Total   Lines
     28 Symbols

  47376 + 459852 Bytes symbol space free

      0 Warning Errors
      0 Severe  Errors
